import { createRouter, createWebHistory } from 'vue-router'

// 使用懒加载优化性能
const routes = [
  {
    path: '/',
    redirect: '/dashboard'
  },
  {
    path: '/dashboard',
    name: 'home',
    component: () => import('../views/Home.vue'),
    meta: { requiresAuth: true }
  },
  {
    path: '/login',
    name: 'login',
    component: () => import('../views/Login.vue'),
    meta: { requiresAuth: false }
  },
  {
    path: '/test',
    name: 'test',
    component: () => import('../views/TestPage.vue'),
    meta: { requiresAuth: true }
  },
  {
    path: '/events',
    name: 'events',
    component: () => import('../views/Events.vue'),
    meta: { requiresAuth: true }
  },
  {
    path: '/events-kanban',
    name: 'events-kanban',
    component: () => import('../views/EventsKanban.vue'),
    meta: { requiresAuth: true }
  },
  {
    path: '/events/:id',
    name: 'event-detail',
    component: () => import('../views/EventDetail.vue'),
    meta: { requiresAuth: true }
  },
  {
    path: '/events/:id/edit',
    name: 'event-edit',
    component: () => import('../views/EventEdit.vue'),
    meta: { requiresAuth: true }
  },
  {
    path: '/tasks',
    name: 'tasks',
    component: () => import('../views/Tasks.vue'),
    meta: { requiresAuth: true }
  },
  {
    path: '/users',
    name: 'users',
    component: () => import('../views/Users.vue'),
    meta: { requiresAuth: true }
  },
  {
    path: '/checklists',
    name: 'checklists',
    component: () => import('../views/Checklists.vue'),
    meta: { requiresAuth: true }
  },
  {
    path: '/files',
    name: 'files',
    component: () => import('../views/Files.vue'),
    meta: { requiresAuth: true }
  },
  {
    path: '/profiles',
    name: 'profiles',
    component: () => import('../views/Profiles.vue'),
    meta: { requiresAuth: true }
  },
  {
    path: '/notifications',
    name: 'notifications',
    component: () => import('../views/Notifications.vue'),
    meta: { requiresAuth: true }
  },
  {
    path: '/budget',
    name: 'budget',
    component: () => import('../views/Budget.vue'),
    meta: { requiresAuth: true }
  },
  {
    path: '/knowledge',
    name: 'knowledge',
    component: () => import('../views/Knowledge.vue'),
    meta: { requiresAuth: true }
  },
  {
    path: '/reviews',
    name: 'reviews',
    component: () => import('../views/Reviews.vue'),
    meta: { requiresAuth: true }
  }	,
  {
    path: '/evaluations',
    redirect: '/reviews'
  },
  {    path: '/analytics',
    name: 'analytics',
    component: () => import('../views/Analytics.vue'),
    meta: { requiresAuth: true }
  },
  {    path: '/settings',
    name: 'settings',
    component: () => import('../views/Settings.vue'),
    meta: { requiresAuth: true }
  },
  {
    path: '/contacts',
    name: 'contacts',
    component: () => import('../views/ContactsManager.vue'),
    meta: { requiresAuth: true }
  },
  {
    path: '/interactions',
    name: 'interactions',
    component: () => import('../views/InteractionsManager.vue'),
    meta: { requiresAuth: true }
  },
  {
    path: '/intelligent',
    name: 'intelligent',
    component: () => import('../views/IntelligentRecommendations.vue'),
    meta: { requiresAuth: true }
  }  {
    path: '/404',
    name: 'not-found',
    component: () => import('../views/NotFound.vue')
  },
  {
    path: '/:pathMatch(.*)*',
    redirect: '/404'
  }
]

const router = createRouter({
  history: createWebHistory(),
  routes
})

// 导出路由实例
export default router

// 获取token的辅助函数
const getToken = () => localStorage.getItem('eventpilot_token')

// 路由守卫 - 实际检查认证状态
router.beforeEach((to, from, next) => {
  const token = getToken()
  const requiresAuth = to.meta.requiresAuth !== false

  // 如果页面需要认证但没有token，重定向到登录
  if (requiresAuth && !token) {
    next('/login')
    return
  }

  // 如果已登录用户访问登录页，重定向到首页
  if (to.path === '/login' && token) {
    next('/dashboard')
    return
  }

  next()
})
